Flutter crash report.
Please report a bug at https://github.com/flutter/flutter/issues.

## command

flutter build apk --debug

## exception

ProcessPackageException: ProcessException: Found candidates, but lacked sufficient permissions to execute "/storage/emulated/0/Download/friday_2_0/android/gradlew".
  Command: /storage/emulated/0/Download/friday_2_0/android/gradlew 

```
#0      LocalProcessManager.start (package:process/src/interface/local_process_manager.dart:56:7)
#1      ErrorHandlingProcessManager.start.<anonymous closure> (package:flutter_tools/src/base/error_handling_io.dart:1243:26)
#2      _run (package:flutter_tools/src/base/error_handling_io.dart:1050:22)
#3      ErrorHandlingProcessManager.start (package:flutter_tools/src/base/error_handling_io.dart:1241:12)
#4      _DefaultProcessUtils.start (package:flutter_tools/src/base/process.dart:538:28)
#5      _DefaultProcessUtils.stream (package:flutter_tools/src/base/process.dart:558:35)
#6      AndroidGradleBuilder._runGradleTask (package:flutter_tools/src/android/gradle.dart:351:38)
#7      AndroidGradleBuilder.buildGradleApp (package:flutter_tools/src/android/gradle.dart:572:32)
<asynchronous suspension>
#8      AndroidGradleBuilder.buildApk (package:flutter_tools/src/android/gradle.dart:236:5)
<asynchronous suspension>
#9      BuildApkCommand.runCommand (package:flutter_tools/src/commands/build_apk.dart:135:5)
<asynchronous suspension>
#10     FlutterCommand.run.<anonymous closure> (package:flutter_tools/src/runner/flutter_command.dart:1630:27)
<asynchronous suspension>
#11     AppContext.run.<anonymous closure> (package:flutter_tools/src/base/context.dart:154:19)
<asynchronous suspension>
#12     CommandRunner.runCommand (package:args/command_runner.dart:212:13)
<asynchronous suspension>
#13     FlutterCommandRunner.runCommand.<anonymous closure> (package:flutter_tools/src/runner/flutter_command_runner.dart:496:9)
<asynchronous suspension>
#14     AppContext.run.<anonymous closure> (package:flutter_tools/src/base/context.dart:154:19)
<asynchronous suspension>
#15     FlutterCommandRunner.runCommand (package:flutter_tools/src/runner/flutter_command_runner.dart:431:5)
<asynchronous suspension>
#16     FlutterCommandRunner.run.<anonymous closure> (package:flutter_tools/src/runner/flutter_command_runner.dart:307:33)
<asynchronous suspension>
#17     run.<anonymous closure>.<anonymous closure> (package:flutter_tools/runner.dart:104:11)
<asynchronous suspension>
#18     AppContext.run.<anonymous closure> (package:flutter_tools/src/base/context.dart:154:19)
<asynchronous suspension>
#19     main (package:flutter_tools/executable.dart:103:3)
<asynchronous suspension>
```

## flutter doctor

```
[33m[!][39m Flutter (Channel stable, 3.44.9, on Linux
    5.10.246-android12-9-00010-g8ca7f39b1d84-ab14517425, locale en_US.UTF-8)
    [145ms]
    [32m•[39m Flutter version 3.44.9 on channel stable at
      /data/data/com.termux/files/usr/opt/flutter
    [33m![39m Upstream repository unknown source is not a standard remote.
      Set environment variable "FLUTTER_GIT_URL" to unknown source to dismiss
      this error.
    [32m•[39m Framework revision dafb95a8ee (29 hours ago), 2026-09-10 07:55:55 +0530
    [32m•[39m Engine revision 5a2a6a42cc
    [32m•[39m Dart version 3.12.2
    [32m•[39m DevTools version 2.57.0
    [32m•[39m Feature flags: enable-web, enable-linux-desktop, enable-macos-desktop,
      enable-windows-desktop, enable-android, enable-ios, cli-animations,
      enable-native-assets, enable-swift-package-manager,
      omit-legacy-version-file, enable-lldb-debugging,
      enable-uiscene-migration
    [32m•[39m If those were intentional, you can disregard the above warnings;
      however it is recommended to use "git" directly to perform update
      checks and upgrades.

[32m[✓][39m Android toolchain - develop for Android devices (Android SDK version
    35.0.0) [5.8s]
    [32m•[39m Android SDK at /data/data/com.termux/files/usr/opt/android-sdk
    [32m•[39m Emulator version unknown
    [32m•[39m Platform android-36, build-tools 35.0.0
    [32m•[39m ANDROID_HOME = /data/data/com.termux/files/usr/opt/android-sdk
    [32m•[39m Java binary at:
      /data/data/com.termux/files/usr/lib/jvm/java-21-openjdk/bin/java
      This JDK is specified by the JAVA_HOME environment variable.
      To manually set the JDK path, use: `flutter config
      --jdk-dir="path/to/jdk"`.
    [32m•[39m Java version OpenJDK Runtime Environment (build 21.0.11)
    [32m•[39m All Android licenses accepted.

[31m[✗][39m Chrome - develop for the web (Cannot find Chrome executable at
    google-chrome) [818ms]
    [33m![39m Cannot find Chrome. Try setting CHROME_EXECUTABLE to a Chrome
      executable.

[32m[✓][39m Linux toolchain - develop for Linux desktop [1,439ms]
    [32m•[39m clang version 21.1.8
    [32m•[39m cmake version 4.3.4
    [32m•[39m ninja version 1.13.2
    [32m•[39m pkg-config version 0.29.2
    [33m![39m Unable to access driver information using 'eglinfo'.
      It is likely available from your distribution (e.g.: apt install
      mesa-utils)

[32m[✓][39m Connected device (1 available) [1,000ms]
    [32m•[39m Linux (desktop) • linux • linux-arm64 • Linux
      5.10.246-android12-9-00010-g8ca7f39b1d84-ab14517425

[32m[✓][39m Network resources [1,857ms]
    [32m•[39m All expected network resources are available.

[33m![39m Doctor found issues in 2 categories.
```
